2026-08-20 21:20:52 | INFO     | Starting the ETL Pipeline                          | main.py:8
2026-08-20 21:20:52 | INFO     | Executing Bronze Layer                             | main.py:10
2026-08-20 21:20:52 | INFO     | Starting loading the data                          | main_bronze.py:24
2026-08-20 21:20:53 | INFO     | Loaded page 1 into the database successfully.      | main_bronze.py:37
2026-08-20 21:20:53 | INFO     | Loaded page 2 into the database successfully.      | main_bronze.py:37
2026-08-20 21:20:54 | INFO     | Loaded page 3 into the database successfully.      | main_bronze.py:37
2026-08-20 21:20:54 | INFO     | Loaded page 4 into the database successfully.      | main_bronze.py:37
2026-08-20 21:20:55 | INFO     | Loaded page 5 into the database successfully.      | main_bronze.py:37
2026-08-20 21:20:55 | INFO     | Loaded page 6 into the database successfully.      | main_bronze.py:37
2026-08-20 21:20:55 | INFO     | Loaded page 7 into the database successfully.      | main_bronze.py:37
2026-08-20 21:20:56 | INFO     | Loaded page 8 into the database successfully.      | main_bronze.py:37
2026-08-20 21:20:56 | INFO     | Loaded page 9 into the database successfully.      | main_bronze.py:37
2026-08-20 21:20:57 | INFO     | Loaded page 10 into the database successfully.     | main_bronze.py:37
2026-08-20 21:20:57 | INFO     | Loaded page 11 into the database successfully.     | main_bronze.py:37
2026-08-20 21:20:57 | INFO     | Loaded page 12 into the database successfully.     | main_bronze.py:37
2026-08-20 21:20:58 | INFO     | Loaded page 13 into the database successfully.     | main_bronze.py:37
2026-08-20 21:20:58 | INFO     | Loaded page 14 into the database successfully.     | main_bronze.py:37
2026-08-20 21:20:59 | INFO     | Loaded page 15 into the database successfully.     | main_bronze.py:37
2026-08-20 21:20:59 | INFO     | Loaded page 16 into the database successfully.     | main_bronze.py:37
2026-08-20 21:21:00 | INFO     | Loaded page 17 into the database successfully.     | main_bronze.py:37
2026-08-20 21:21:00 | INFO     | Loaded page 18 into the database successfully.     | main_bronze.py:37
2026-08-20 21:21:01 | INFO     | Loaded page 19 into the database successfully.     | main_bronze.py:37
2026-08-20 21:21:01 | INFO     | Loaded page 20 into the database successfully.     | main_bronze.py:37
2026-08-20 21:21:02 | INFO     | Loaded page 21 into the database successfully.     | main_bronze.py:37
2026-08-20 21:21:02 | INFO     | Loaded page 22 into the database successfully.     | main_bronze.py:37
2026-08-20 21:21:02 | INFO     | Loaded page 23 into the database successfully.     | main_bronze.py:37
2026-08-20 21:21:03 | INFO     | Loaded page 24 into the database successfully.     | main_bronze.py:37
2026-08-20 21:21:03 | INFO     | Loaded page 25 into the database successfully.     | main_bronze.py:37
2026-08-20 21:21:04 | INFO     | Loaded page 26 into the database successfully.     | main_bronze.py:37
2026-08-20 21:21:04 | INFO     | Loaded page 27 into the database successfully.     | main_bronze.py:37
2026-08-20 21:21:05 | INFO     | Loaded page 28 into the database successfully.     | main_bronze.py:37
2026-08-20 21:21:05 | INFO     | Loaded page 29 into the database successfully.     | main_bronze.py:37
2026-08-20 21:21:06 | INFO     | Loaded page 30 into the database successfully.     | main_bronze.py:37
2026-08-20 21:21:06 | INFO     | Loaded page 31 into the database successfully.     | main_bronze.py:37
2026-08-20 21:21:06 | INFO     | Loaded page 32 into the database successfully.     | main_bronze.py:37
2026-08-20 21:21:07 | INFO     | Loaded page 33 into the database successfully.     | main_bronze.py:37
2026-08-20 21:21:07 | INFO     | Loaded page 34 into the database successfully.     | main_bronze.py:37
2026-08-20 21:21:08 | INFO     | Loaded page 35 into the database successfully.     | main_bronze.py:37
2026-08-20 21:21:08 | INFO     | Loaded page 36 into the database successfully.     | main_bronze.py:37
2026-08-20 21:21:09 | INFO     | Loaded page 37 into the database successfully.     | main_bronze.py:37
2026-08-20 21:21:09 | INFO     | Loaded page 38 into the database successfully.     | main_bronze.py:37
2026-08-20 21:21:09 | INFO     | Loaded page 39 into the database successfully.     | main_bronze.py:37
2026-08-20 21:21:10 | INFO     | Loaded page 40 into the database successfully.     | main_bronze.py:37
2026-08-20 21:21:10 | INFO     | Loaded page 41 into the database successfully.     | main_bronze.py:37
2026-08-20 21:21:11 | INFO     | Loaded page 42 into the database successfully.     | main_bronze.py:37
2026-08-20 21:21:11 | INFO     | Loaded page 43 into the database successfully.     | main_bronze.py:37
2026-08-20 21:21:12 | INFO     | Loaded page 44 into the database successfully.     | main_bronze.py:37
2026-08-20 21:21:12 | INFO     | Loaded page 45 into the database successfully.     | main_bronze.py:37
2026-08-20 21:21:12 | INFO     | Loaded page 46 into the database successfully.     | main_bronze.py:37
2026-08-20 21:21:13 | INFO     | Loaded page 47 into the database successfully.     | main_bronze.py:37
2026-08-20 21:21:13 | INFO     | Loaded page 48 into the database successfully.     | main_bronze.py:37
2026-08-20 21:21:14 | INFO     | Loaded page 49 into the database successfully.     | main_bronze.py:37
2026-08-20 21:21:14 | INFO     | Loaded page 50 into the database successfully.     | main_bronze.py:37
2026-08-20 21:21:15 | INFO     | Loaded page 51 into the database successfully.     | main_bronze.py:37
2026-08-20 21:21:15 | INFO     | Loaded page 52 into the database successfully.     | main_bronze.py:37
2026-08-20 21:21:16 | INFO     | Loaded page 53 into the database successfully.     | main_bronze.py:37
2026-08-20 21:21:16 | INFO     | Loaded page 54 into the database successfully.     | main_bronze.py:37
2026-08-20 21:21:16 | INFO     | Loaded page 55 into the database successfully.     | main_bronze.py:37
2026-08-20 21:21:17 | INFO     | Loaded page 56 into the database successfully.     | main_bronze.py:37
2026-08-20 21:21:17 | INFO     | Loaded page 57 into the database successfully.     | main_bronze.py:37
2026-08-20 21:21:18 | INFO     | Loaded page 58 into the database successfully.     | main_bronze.py:37
2026-08-20 21:21:18 | INFO     | Loaded page 59 into the database successfully.     | main_bronze.py:37
2026-08-20 21:21:19 | INFO     | Loaded page 60 into the database successfully.     | main_bronze.py:37
2026-08-20 21:21:19 | INFO     | Loaded page 61 into the database successfully.     | main_bronze.py:37
2026-08-20 21:21:20 | INFO     | Loaded page 62 into the database successfully.     | main_bronze.py:37
2026-08-20 21:21:20 | INFO     | Loaded page 63 into the database successfully.     | main_bronze.py:37
2026-08-20 21:21:20 | INFO     | Loaded page 64 into the database successfully.     | main_bronze.py:37
2026-08-20 21:21:21 | INFO     | Loaded page 65 into the database successfully.     | main_bronze.py:37
2026-08-20 21:21:21 | INFO     | Loaded page 66 into the database successfully.     | main_bronze.py:37
2026-08-20 21:21:22 | INFO     | Loaded page 67 into the database successfully.     | main_bronze.py:37
2026-08-20 21:21:22 | INFO     | Loaded page 68 into the database successfully.     | main_bronze.py:37
2026-08-20 21:21:23 | INFO     | Loaded page 69 into the database successfully.     | main_bronze.py:37
2026-08-20 21:21:23 | INFO     | Loaded page 70 into the database successfully.     | main_bronze.py:37
2026-08-20 21:21:24 | INFO     | Loaded page 71 into the database successfully.     | main_bronze.py:37
2026-08-20 21:21:24 | INFO     | Loaded page 72 into the database successfully.     | main_bronze.py:37
2026-08-20 21:21:25 | INFO     | Loaded page 73 into the database successfully.     | main_bronze.py:37
2026-08-20 21:21:25 | INFO     | Loaded page 74 into the database successfully.     | main_bronze.py:37
2026-08-20 21:21:25 | INFO     | Loaded page 75 into the database successfully.     | main_bronze.py:37
2026-08-20 21:21:26 | INFO     | Loaded page 76 into the database successfully.     | main_bronze.py:37
2026-08-20 21:21:26 | INFO     | Loaded page 77 into the database successfully.     | main_bronze.py:37
2026-08-20 21:21:27 | INFO     | Loaded page 78 into the database successfully.     | main_bronze.py:37
2026-08-20 21:21:27 | INFO     | Loaded page 79 into the database successfully.     | main_bronze.py:37
2026-08-20 21:21:28 | INFO     | Loaded page 80 into the database successfully.     | main_bronze.py:37
2026-08-20 21:21:28 | INFO     | Loaded page 81 into the database successfully.     | main_bronze.py:37
2026-08-20 21:21:28 | INFO     | Loaded page 82 into the database successfully.     | main_bronze.py:37
2026-08-20 21:21:29 | INFO     | Loaded page 83 into the database successfully.     | main_bronze.py:37
2026-08-20 21:21:29 | INFO     | Loaded page 84 into the database successfully.     | main_bronze.py:37
2026-08-20 21:21:30 | INFO     | Loaded page 85 into the database successfully.     | main_bronze.py:37
2026-08-20 21:21:30 | INFO     | Loaded page 86 into the database successfully.     | main_bronze.py:37
2026-08-20 21:21:31 | INFO     | Loaded page 87 into the database successfully.     | main_bronze.py:37
2026-08-20 21:21:31 | INFO     | Loaded page 88 into the database successfully.     | main_bronze.py:37
2026-08-20 21:21:31 | INFO     | Loaded page 89 into the database successfully.     | main_bronze.py:37
2026-08-20 21:21:32 | INFO     | Loaded page 90 into the database successfully.     | main_bronze.py:37
2026-08-20 21:21:32 | INFO     | Loaded page 91 into the database successfully.     | main_bronze.py:37
2026-08-20 21:21:33 | INFO     | Loaded page 92 into the database successfully.     | main_bronze.py:37
2026-08-20 21:21:33 | INFO     | Loaded page 93 into the database successfully.     | main_bronze.py:37
2026-08-20 21:21:34 | INFO     | Loaded page 94 into the database successfully.     | main_bronze.py:37
2026-08-20 21:21:34 | INFO     | Loaded page 95 into the database successfully.     | main_bronze.py:37
2026-08-20 21:21:34 | INFO     | Loaded page 96 into the database successfully.     | main_bronze.py:37
2026-08-20 21:21:35 | INFO     | Loaded page 97 into the database successfully.     | main_bronze.py:37
2026-08-20 21:21:35 | INFO     | Loaded page 98 into the database successfully.     | main_bronze.py:37
2026-08-20 21:21:36 | INFO     | Loaded page 99 into the database successfully.     | main_bronze.py:37
2026-08-20 21:21:36 | INFO     | Loaded page 100 into the database successfully.    | main_bronze.py:37
2026-08-20 21:21:37 | INFO     | Loaded page 101 into the database successfully.    | main_bronze.py:37
2026-08-20 21:21:37 | INFO     | Loaded page 102 into the database successfully.    | main_bronze.py:37
2026-08-20 21:21:37 | INFO     | Loaded page 103 into the database successfully.    | main_bronze.py:37
2026-08-20 21:21:38 | INFO     | Loaded page 104 into the database successfully.    | main_bronze.py:37
2026-08-20 21:21:38 | INFO     | Loaded page 105 into the database successfully.    | main_bronze.py:37
2026-08-20 21:21:39 | INFO     | Loaded page 106 into the database successfully.    | main_bronze.py:37
2026-08-20 21:21:39 | INFO     | Loaded page 107 into the database successfully.    | main_bronze.py:37
2026-08-20 21:21:40 | INFO     | Loaded page 108 into the database successfully.    | main_bronze.py:37
2026-08-20 21:21:40 | INFO     | Loaded page 109 into the database successfully.    | main_bronze.py:37
2026-08-20 21:21:41 | INFO     | Loaded page 110 into the database successfully.    | main_bronze.py:37
2026-08-20 21:21:41 | INFO     | Loaded page 111 into the database successfully.    | main_bronze.py:37
2026-08-20 21:21:41 | INFO     | Loaded page 112 into the database successfully.    | main_bronze.py:37
2026-08-20 21:21:42 | INFO     | Loaded page 113 into the database successfully.    | main_bronze.py:37
2026-08-20 21:21:42 | INFO     | Loaded page 114 into the database successfully.    | main_bronze.py:37
2026-08-20 21:21:43 | INFO     | Loaded page 115 into the database successfully.    | main_bronze.py:37
2026-08-20 21:21:43 | INFO     | Loaded page 116 into the database successfully.    | main_bronze.py:37
2026-08-20 21:21:44 | INFO     | Loaded page 117 into the database successfully.    | main_bronze.py:37
2026-08-20 21:21:44 | INFO     | Loaded page 118 into the database successfully.    | main_bronze.py:37
2026-08-20 21:21:44 | INFO     | Loaded page 119 into the database successfully.    | main_bronze.py:37
2026-08-20 21:21:45 | INFO     | Loaded page 120 into the database successfully.    | main_bronze.py:37
2026-08-20 21:21:45 | INFO     | Loaded page 121 into the database successfully.    | main_bronze.py:37
2026-08-20 21:21:46 | INFO     | Loaded page 122 into the database successfully.    | main_bronze.py:37
2026-08-20 21:21:46 | INFO     | Loaded page 123 into the database successfully.    | main_bronze.py:37
2026-08-20 21:21:47 | INFO     | Loaded page 124 into the database successfully.    | main_bronze.py:37
2026-08-20 21:21:47 | INFO     | Loaded page 125 into the database successfully.    | main_bronze.py:37
2026-08-20 21:21:48 | INFO     | Loaded page 126 into the database successfully.    | main_bronze.py:37
2026-08-20 21:21:48 | INFO     | Loaded page 127 into the database successfully.    | main_bronze.py:37
2026-08-20 21:21:48 | INFO     | Loaded page 128 into the database successfully.    | main_bronze.py:37
2026-08-20 21:21:49 | INFO     | Loaded page 129 into the database successfully.    | main_bronze.py:37
2026-08-20 21:21:49 | INFO     | Loaded page 130 into the database successfully.    | main_bronze.py:37
2026-08-20 21:21:50 | INFO     | Loaded page 131 into the database successfully.    | main_bronze.py:37
2026-08-20 21:21:50 | INFO     | Loaded page 132 into the database successfully.    | main_bronze.py:37
2026-08-20 21:21:51 | INFO     | Loaded page 133 into the database successfully.    | main_bronze.py:37
2026-08-20 21:21:51 | INFO     | Loaded page 134 into the database successfully.    | main_bronze.py:37
2026-08-20 21:21:51 | INFO     | Loaded page 135 into the database successfully.    | main_bronze.py:37
2026-08-20 21:21:52 | INFO     | Loaded page 136 into the database successfully.    | main_bronze.py:37
2026-08-20 21:21:52 | INFO     | Loaded page 137 into the database successfully.    | main_bronze.py:37
2026-08-20 21:21:53 | INFO     | Loaded page 138 into the database successfully.    | main_bronze.py:37
2026-08-20 21:21:53 | INFO     | Loaded page 139 into the database successfully.    | main_bronze.py:37
2026-08-20 21:21:54 | INFO     | Loaded page 140 into the database successfully.    | main_bronze.py:37
2026-08-20 21:21:54 | INFO     | Loaded page 141 into the database successfully.    | main_bronze.py:37
2026-08-20 21:21:55 | INFO     | Loaded page 142 into the database successfully.    | main_bronze.py:37
2026-08-20 21:21:55 | INFO     | Loaded page 143 into the database successfully.    | main_bronze.py:37
2026-08-20 21:21:55 | INFO     | Loaded page 144 into the database successfully.    | main_bronze.py:37
2026-08-20 21:21:56 | INFO     | Loaded page 145 into the database successfully.    | main_bronze.py:37
2026-08-20 21:21:56 | INFO     | Loaded page 146 into the database successfully.    | main_bronze.py:37
2026-08-20 21:21:57 | INFO     | Loaded page 147 into the database successfully.    | main_bronze.py:37
2026-08-20 21:21:57 | INFO     | Loaded page 148 into the database successfully.    | main_bronze.py:37
2026-08-20 21:21:58 | INFO     | Loaded page 149 into the database successfully.    | main_bronze.py:37
2026-08-20 21:21:58 | INFO     | Loaded page 150 into the database successfully.    | main_bronze.py:37
2026-08-20 21:21:58 | INFO     | Loaded page 151 into the database successfully.    | main_bronze.py:37
2026-08-20 21:21:59 | INFO     | Loaded page 152 into the database successfully.    | main_bronze.py:37
2026-08-20 21:21:59 | INFO     | Loaded page 153 into the database successfully.    | main_bronze.py:37
2026-08-20 21:22:00 | INFO     | Loaded page 154 into the database successfully.    | main_bronze.py:37
2026-08-20 21:22:00 | INFO     | Loaded page 155 into the database successfully.    | main_bronze.py:37
2026-08-20 21:22:01 | INFO     | Loaded page 156 into the database successfully.    | main_bronze.py:37
2026-08-20 21:22:01 | INFO     | Loaded page 157 into the database successfully.    | main_bronze.py:37
2026-08-20 21:22:02 | INFO     | Loaded page 158 into the database successfully.    | main_bronze.py:37
2026-08-20 21:22:02 | INFO     | Loaded page 159 into the database successfully.    | main_bronze.py:37
2026-08-20 21:22:02 | INFO     | Loaded page 160 into the database successfully.    | main_bronze.py:37
2026-08-20 21:22:03 | INFO     | Loaded page 161 into the database successfully.    | main_bronze.py:37
2026-08-20 21:22:03 | INFO     | Loaded page 162 into the database successfully.    | main_bronze.py:37
2026-08-20 21:22:04 | INFO     | Loaded page 163 into the database successfully.    | main_bronze.py:37
2026-08-20 21:22:04 | INFO     | Loaded page 164 into the database successfully.    | main_bronze.py:37
2026-08-20 21:22:05 | INFO     | Loaded page 165 into the database successfully.    | main_bronze.py:37
2026-08-20 21:22:05 | INFO     | Loaded page 166 into the database successfully.    | main_bronze.py:37
2026-08-20 21:22:06 | INFO     | Loaded page 167 into the database successfully.    | main_bronze.py:37
2026-08-20 21:22:06 | INFO     | Loaded page 168 into the database successfully.    | main_bronze.py:37
2026-08-20 21:22:06 | INFO     | Loaded page 169 into the database successfully.    | main_bronze.py:37
2026-08-20 21:22:07 | INFO     | Loaded page 170 into the database successfully.    | main_bronze.py:37
2026-08-20 21:22:07 | INFO     | Loaded page 171 into the database successfully.    | main_bronze.py:37
2026-08-20 21:22:08 | INFO     | Loaded page 172 into the database successfully.    | main_bronze.py:37
2026-08-20 21:22:08 | INFO     | Loaded page 173 into the database successfully.    | main_bronze.py:37
2026-08-20 21:22:09 | INFO     | Loaded page 174 into the database successfully.    | main_bronze.py:37
2026-08-20 21:22:09 | INFO     | Loaded page 175 into the database successfully.    | main_bronze.py:37
2026-08-20 21:22:09 | INFO     | Loaded page 176 into the database successfully.    | main_bronze.py:37
2026-08-20 21:22:10 | INFO     | Loaded page 177 into the database successfully.    | main_bronze.py:37
2026-08-20 21:22:10 | INFO     | Loaded page 178 into the database successfully.    | main_bronze.py:37
2026-08-20 21:22:11 | INFO     | Loaded page 179 into the database successfully.    | main_bronze.py:37
2026-08-20 21:22:11 | INFO     | Loaded page 180 into the database successfully.    | main_bronze.py:37
2026-08-20 21:22:12 | INFO     | Loaded page 181 into the database successfully.    | main_bronze.py:37
2026-08-20 21:22:12 | INFO     | Loaded page 182 into the database successfully.    | main_bronze.py:37
2026-08-20 21:22:13 | INFO     | Loaded page 183 into the database successfully.    | main_bronze.py:37
2026-08-20 21:22:13 | INFO     | Loaded page 184 into the database successfully.    | main_bronze.py:37
2026-08-20 21:22:13 | INFO     | Loaded page 185 into the database successfully.    | main_bronze.py:37
2026-08-20 21:22:14 | INFO     | Loaded page 186 into the database successfully.    | main_bronze.py:37
2026-08-20 21:22:14 | INFO     | Loaded page 187 into the database successfully.    | main_bronze.py:37
2026-08-20 21:22:15 | INFO     | Loaded page 188 into the database successfully.    | main_bronze.py:37
2026-08-20 21:22:15 | INFO     | Loaded page 189 into the database successfully.    | main_bronze.py:37
2026-08-20 21:22:16 | INFO     | Loaded page 190 into the database successfully.    | main_bronze.py:37
2026-08-20 21:22:16 | INFO     | Loaded page 191 into the database successfully.    | main_bronze.py:37
2026-08-20 21:22:17 | INFO     | Loaded page 192 into the database successfully.    | main_bronze.py:37
2026-08-20 21:22:17 | INFO     | Loaded page 193 into the database successfully.    | main_bronze.py:37
2026-08-20 21:22:17 | INFO     | Loaded page 194 into the database successfully.    | main_bronze.py:37
2026-08-20 21:22:18 | INFO     | Loaded page 195 into the database successfully.    | main_bronze.py:37
2026-08-20 21:22:18 | INFO     | Loaded page 196 into the database successfully.    | main_bronze.py:37
2026-08-20 21:22:19 | INFO     | Loaded page 197 into the database successfully.    | main_bronze.py:37
2026-08-20 21:22:19 | INFO     | Loaded page 198 into the database successfully.    | main_bronze.py:37
2026-08-20 21:22:20 | INFO     | Loaded page 199 into the database successfully.    | main_bronze.py:37
2026-08-20 21:22:20 | INFO     | Loaded page 200 into the database successfully.    | main_bronze.py:37
2026-08-20 21:22:20 | INFO     | Loaded page 201 into the database successfully.    | main_bronze.py:37
2026-08-20 21:22:21 | INFO     | Loaded page 202 into the database successfully.    | main_bronze.py:37
2026-08-20 21:22:21 | INFO     | Loaded page 203 into the database successfully.    | main_bronze.py:37
2026-08-20 21:22:22 | INFO     | Loaded page 204 into the database successfully.    | main_bronze.py:37
2026-08-20 21:22:22 | INFO     | Loaded page 205 into the database successfully.    | main_bronze.py:37
2026-08-20 21:22:23 | INFO     | Loaded page 206 into the database successfully.    | main_bronze.py:37
2026-08-20 21:22:23 | INFO     | Loaded page 207 into the database successfully.    | main_bronze.py:37
2026-08-20 21:22:24 | INFO     | Loaded page 208 into the database successfully.    | main_bronze.py:37
2026-08-20 21:22:24 | INFO     | Loaded page 209 into the database successfully.    | main_bronze.py:37
2026-08-20 21:22:24 | INFO     | Loaded page 210 into the database successfully.    | main_bronze.py:37
2026-08-20 21:22:25 | INFO     | Loaded page 211 into the database successfully.    | main_bronze.py:37
2026-08-20 21:22:25 | INFO     | Loaded page 212 into the database successfully.    | main_bronze.py:37
2026-08-20 21:22:26 | INFO     | Loaded page 213 into the database successfully.    | main_bronze.py:37
2026-08-20 21:22:26 | INFO     | Loaded page 214 into the database successfully.    | main_bronze.py:37
2026-08-20 21:22:27 | INFO     | Loaded page 215 into the database successfully.    | main_bronze.py:37
2026-08-20 21:22:27 | INFO     | Loaded page 216 into the database successfully.    | main_bronze.py:37
2026-08-20 21:22:27 | INFO     | Loaded page 217 into the database successfully.    | main_bronze.py:37
2026-08-20 21:22:28 | INFO     | Loaded page 218 into the database successfully.    | main_bronze.py:37
2026-08-20 21:22:28 | INFO     | Loaded page 219 into the database successfully.    | main_bronze.py:37
2026-08-20 21:22:29 | INFO     | Loaded page 220 into the database successfully.    | main_bronze.py:37
2026-08-20 21:22:29 | INFO     | Loaded page 221 into the database successfully.    | main_bronze.py:37
2026-08-20 21:22:30 | INFO     | Loaded page 222 into the database successfully.    | main_bronze.py:37
2026-08-20 21:22:30 | INFO     | Loaded page 223 into the database successfully.    | main_bronze.py:37
2026-08-20 21:22:31 | INFO     | Loaded page 224 into the database successfully.    | main_bronze.py:37
2026-08-20 21:22:31 | INFO     | Loaded page 225 into the database successfully.    | main_bronze.py:37
2026-08-20 21:22:31 | INFO     | Loaded page 226 into the database successfully.    | main_bronze.py:37
2026-08-20 21:22:32 | INFO     | Loaded page 227 into the database successfully.    | main_bronze.py:37
2026-08-20 21:22:32 | INFO     | Loaded page 228 into the database successfully.    | main_bronze.py:37
2026-08-20 21:22:33 | INFO     | Loaded page 229 into the database successfully.    | main_bronze.py:37
2026-08-20 21:22:33 | INFO     | Loaded page 230 into the database successfully.    | main_bronze.py:37
2026-08-20 21:22:34 | INFO     | Loaded page 231 into the database successfully.    | main_bronze.py:37
2026-08-20 21:22:34 | INFO     | Loaded page 232 into the database successfully.    | main_bronze.py:37
2026-08-20 21:22:35 | INFO     | Loaded page 233 into the database successfully.    | main_bronze.py:37
2026-08-20 21:22:35 | INFO     | Loaded page 234 into the database successfully.    | main_bronze.py:37
2026-08-20 21:22:36 | INFO     | Loaded page 235 into the database successfully.    | main_bronze.py:37
2026-08-20 21:22:36 | INFO     | Loaded page 236 into the database successfully.    | main_bronze.py:37
2026-08-20 21:22:36 | INFO     | Loaded page 237 into the database successfully.    | main_bronze.py:37
2026-08-20 21:22:37 | INFO     | Loaded page 238 into the database successfully.    | main_bronze.py:37
2026-08-20 21:22:37 | INFO     | Loaded page 239 into the database successfully.    | main_bronze.py:37
2026-08-20 21:22:38 | INFO     | Loaded page 240 into the database successfully.    | main_bronze.py:37
2026-08-20 21:22:38 | INFO     | Loaded page 241 into the database successfully.    | main_bronze.py:37
2026-08-20 21:22:39 | INFO     | Loaded page 242 into the database successfully.    | main_bronze.py:37
2026-08-20 21:22:39 | INFO     | Loaded page 243 into the database successfully.    | main_bronze.py:37
2026-08-20 21:22:40 | INFO     | Loaded page 244 into the database successfully.    | main_bronze.py:37
2026-08-20 21:22:40 | INFO     | Loaded page 245 into the database successfully.    | main_bronze.py:37
2026-08-20 21:22:41 | INFO     | Loaded page 246 into the database successfully.    | main_bronze.py:37
2026-08-20 21:22:41 | INFO     | Loaded page 247 into the database successfully.    | main_bronze.py:37
2026-08-20 21:22:42 | INFO     | Loaded page 248 into the database successfully.    | main_bronze.py:37
2026-08-20 21:22:42 | INFO     | Loaded page 249 into the database successfully.    | main_bronze.py:37
2026-08-20 21:22:42 | INFO     | Loaded page 250 into the database successfully.    | main_bronze.py:37
2026-08-20 21:22:43 | INFO     | Loaded page 251 into the database successfully.    | main_bronze.py:37
2026-08-20 21:22:43 | INFO     | Loaded page 252 into the database successfully.    | main_bronze.py:37
2026-08-20 21:22:44 | INFO     | Loaded page 253 into the database successfully.    | main_bronze.py:37
2026-08-20 21:22:44 | INFO     | Loaded page 254 into the database successfully.    | main_bronze.py:37
2026-08-20 21:22:45 | INFO     | Loaded page 255 into the database successfully.    | main_bronze.py:37
2026-08-20 21:22:45 | INFO     | Loaded page 256 into the database successfully.    | main_bronze.py:37
2026-08-20 21:22:46 | INFO     | Loaded page 257 into the database successfully.    | main_bronze.py:37
2026-08-20 21:22:46 | INFO     | Loaded page 258 into the database successfully.    | main_bronze.py:37
2026-08-20 21:22:46 | INFO     | Loaded page 259 into the database successfully.    | main_bronze.py:37
2026-08-20 21:22:47 | INFO     | Loaded page 260 into the database successfully.    | main_bronze.py:37
2026-08-20 21:22:47 | INFO     | Loaded page 261 into the database successfully.    | main_bronze.py:37
2026-08-20 21:22:48 | INFO     | Loaded page 262 into the database successfully.    | main_bronze.py:37
2026-08-20 21:22:48 | INFO     | Loaded page 263 into the database successfully.    | main_bronze.py:37
2026-08-20 21:22:49 | INFO     | Loaded page 264 into the database successfully.    | main_bronze.py:37
2026-08-20 21:22:49 | INFO     | Loaded page 265 into the database successfully.    | main_bronze.py:37
2026-08-20 21:22:49 | INFO     | Loaded page 266 into the database successfully.    | main_bronze.py:37
2026-08-20 21:22:50 | INFO     | Loaded page 267 into the database successfully.    | main_bronze.py:37
2026-08-20 21:22:50 | INFO     | Loaded page 268 into the database successfully.    | main_bronze.py:37
2026-08-20 21:22:51 | INFO     | Loaded page 269 into the database successfully.    | main_bronze.py:37
2026-08-20 21:22:51 | INFO     | Loaded page 270 into the database successfully.    | main_bronze.py:37
2026-08-20 21:22:52 | INFO     | Loaded page 271 into the database successfully.    | main_bronze.py:37
2026-08-20 21:22:52 | INFO     | Loaded page 272 into the database successfully.    | main_bronze.py:37
2026-08-20 21:22:52 | INFO     | Loaded page 273 into the database successfully.    | main_bronze.py:37
2026-08-20 21:22:53 | INFO     | Loaded page 274 into the database successfully.    | main_bronze.py:37
2026-08-20 21:22:53 | INFO     | Loaded page 275 into the database successfully.    | main_bronze.py:37
2026-08-20 21:22:54 | INFO     | Loaded page 276 into the database successfully.    | main_bronze.py:37
2026-08-20 21:22:54 | INFO     | Loaded page 277 into the database successfully.    | main_bronze.py:37
2026-08-20 21:22:55 | INFO     | Loaded page 278 into the database successfully.    | main_bronze.py:37
2026-08-20 21:22:55 | INFO     | Loaded page 279 into the database successfully.    | main_bronze.py:37
2026-08-20 21:22:55 | INFO     | Loaded page 280 into the database successfully.    | main_bronze.py:37
2026-08-20 21:22:56 | INFO     | Loaded page 281 into the database successfully.    | main_bronze.py:37
2026-08-20 21:22:56 | INFO     | Loaded page 282 into the database successfully.    | main_bronze.py:37
2026-08-20 21:22:57 | INFO     | Loaded page 283 into the database successfully.    | main_bronze.py:37
2026-08-20 21:22:57 | INFO     | Loaded page 284 into the database successfully.    | main_bronze.py:37
2026-08-20 21:22:58 | INFO     | Loaded page 285 into the database successfully.    | main_bronze.py:37
2026-08-20 21:22:58 | INFO     | Loaded page 286 into the database successfully.    | main_bronze.py:37
2026-08-20 21:22:58 | INFO     | Loaded page 287 into the database successfully.    | main_bronze.py:37
2026-08-20 21:22:59 | INFO     | Loaded page 288 into the database successfully.    | main_bronze.py:37
2026-08-20 21:22:59 | INFO     | Loaded page 289 into the database successfully.    | main_bronze.py:37
2026-08-20 21:23:00 | INFO     | Loaded page 290 into the database successfully.    | main_bronze.py:37
2026-08-20 21:23:00 | INFO     | Loaded page 291 into the database successfully.    | main_bronze.py:37
2026-08-20 21:23:01 | INFO     | Loaded page 292 into the database successfully.    | main_bronze.py:37
2026-08-20 21:23:01 | INFO     | Loaded page 293 into the database successfully.    | main_bronze.py:37
2026-08-20 21:23:02 | INFO     | Loaded page 294 into the database successfully.    | main_bronze.py:37
2026-08-20 21:23:02 | INFO     | Loaded page 295 into the database successfully.    | main_bronze.py:37
2026-08-20 21:23:02 | INFO     | Loaded page 296 into the database successfully.    | main_bronze.py:37
2026-08-20 21:23:03 | INFO     | Loaded page 297 into the database successfully.    | main_bronze.py:37
2026-08-20 21:23:03 | INFO     | Loaded page 298 into the database successfully.    | main_bronze.py:37
2026-08-20 21:23:04 | INFO     | Loaded page 299 into the database successfully.    | main_bronze.py:37
2026-08-20 21:23:04 | INFO     | Loaded page 300 into the database successfully.    | main_bronze.py:37
2026-08-20 21:23:05 | INFO     | Loaded page 301 into the database successfully.    | main_bronze.py:37
2026-08-20 21:23:05 | INFO     | Loaded page 302 into the database successfully.    | main_bronze.py:37
2026-08-20 21:23:06 | INFO     | Loaded page 303 into the database successfully.    | main_bronze.py:37
2026-08-20 21:23:06 | INFO     | Loaded page 304 into the database successfully.    | main_bronze.py:37
2026-08-20 21:23:06 | INFO     | Loaded page 305 into the database successfully.    | main_bronze.py:37
2026-08-20 21:23:07 | INFO     | Loaded page 306 into the database successfully.    | main_bronze.py:37
2026-08-20 21:23:07 | INFO     | Loaded page 307 into the database successfully.    | main_bronze.py:37
2026-08-20 21:23:08 | INFO     | Loaded page 308 into the database successfully.    | main_bronze.py:37
2026-08-20 21:23:08 | INFO     | Loaded page 309 into the database successfully.    | main_bronze.py:37
2026-08-20 21:23:09 | INFO     | Loaded page 310 into the database successfully.    | main_bronze.py:37
2026-08-20 21:23:09 | INFO     | Loaded page 311 into the database successfully.    | main_bronze.py:37
2026-08-20 21:23:10 | INFO     | Loaded page 312 into the database successfully.    | main_bronze.py:37
2026-08-20 21:23:10 | INFO     | Loaded page 313 into the database successfully.    | main_bronze.py:37
2026-08-20 21:23:10 | INFO     | Loaded page 314 into the database successfully.    | main_bronze.py:37
2026-08-20 21:23:11 | INFO     | Loaded page 315 into the database successfully.    | main_bronze.py:37
2026-08-20 21:23:11 | INFO     | Loaded page 316 into the database successfully.    | main_bronze.py:37
2026-08-20 21:23:12 | INFO     | Loaded page 317 into the database successfully.    | main_bronze.py:37
2026-08-20 21:23:12 | INFO     | Loaded page 318 into the database successfully.    | main_bronze.py:37
2026-08-20 21:23:13 | INFO     | Loaded page 319 into the database successfully.    | main_bronze.py:37
2026-08-20 21:23:13 | INFO     | Loaded page 320 into the database successfully.    | main_bronze.py:37
2026-08-20 21:23:14 | INFO     | Loaded page 321 into the database successfully.    | main_bronze.py:37
2026-08-20 21:23:14 | INFO     | Loaded page 322 into the database successfully.    | main_bronze.py:37
2026-08-20 21:23:15 | INFO     | Loaded page 323 into the database successfully.    | main_bronze.py:37
2026-08-20 21:23:15 | INFO     | Loaded page 324 into the database successfully.    | main_bronze.py:37
2026-08-20 21:23:16 | INFO     | Loaded page 325 into the database successfully.    | main_bronze.py:37
2026-08-20 21:23:16 | INFO     | Loaded page 326 into the database successfully.    | main_bronze.py:37
2026-08-20 21:23:17 | INFO     | Loaded page 327 into the database successfully.    | main_bronze.py:37
2026-08-20 21:23:17 | INFO     | Loaded page 328 into the database successfully.    | main_bronze.py:37
2026-08-20 21:23:17 | INFO     | Loaded page 329 into the database successfully.    | main_bronze.py:37
2026-08-20 21:23:18 | INFO     | Loaded page 330 into the database successfully.    | main_bronze.py:37
2026-08-20 21:23:18 | INFO     | Loaded page 331 into the database successfully.    | main_bronze.py:37
2026-08-20 21:23:19 | INFO     | Loaded page 332 into the database successfully.    | main_bronze.py:37
2026-08-20 21:23:19 | INFO     | Loaded page 333 into the database successfully.    | main_bronze.py:37
2026-08-20 21:23:20 | INFO     | Loaded page 334 into the database successfully.    | main_bronze.py:37
2026-08-20 21:23:20 | INFO     | Loaded page 335 into the database successfully.    | main_bronze.py:37
2026-08-20 21:23:21 | INFO     | Loaded page 336 into the database successfully.    | main_bronze.py:37
2026-08-20 21:23:21 | INFO     | Loaded page 337 into the database successfully.    | main_bronze.py:37
2026-08-20 21:23:22 | INFO     | Loaded page 338 into the database successfully.    | main_bronze.py:37
2026-08-20 21:23:22 | INFO     | Loaded page 339 into the database successfully.    | main_bronze.py:37
2026-08-20 21:23:23 | INFO     | Loaded page 340 into the database successfully.    | main_bronze.py:37
2026-08-20 21:23:23 | INFO     | Loaded page 341 into the database successfully.    | main_bronze.py:37
2026-08-20 21:23:24 | INFO     | Loaded page 342 into the database successfully.    | main_bronze.py:37
2026-08-20 21:23:24 | INFO     | Loaded page 343 into the database successfully.    | main_bronze.py:37
2026-08-20 21:23:25 | INFO     | Loaded page 344 into the database successfully.    | main_bronze.py:37
2026-08-20 21:23:25 | INFO     | Loaded page 345 into the database successfully.    | main_bronze.py:37
2026-08-20 21:23:26 | INFO     | Loaded page 346 into the database successfully.    | main_bronze.py:37
2026-08-20 21:23:26 | INFO     | Loaded page 347 into the database successfully.    | main_bronze.py:37
2026-08-20 21:23:27 | INFO     | Loaded page 348 into the database successfully.    | main_bronze.py:37
2026-08-20 21:23:27 | INFO     | Loaded page 349 into the database successfully.    | main_bronze.py:37
2026-08-20 21:23:27 | INFO     | Loaded page 350 into the database successfully.    | main_bronze.py:37
2026-08-20 21:23:28 | INFO     | Loaded page 351 into the database successfully.    | main_bronze.py:37
2026-08-20 21:23:28 | INFO     | Loaded page 352 into the database successfully.    | main_bronze.py:37
2026-08-20 21:23:29 | INFO     | Loaded page 353 into the database successfully.    | main_bronze.py:37
2026-08-20 21:23:29 | INFO     | Loaded page 354 into the database successfully.    | main_bronze.py:37
2026-08-20 21:23:30 | INFO     | Loaded page 355 into the database successfully.    | main_bronze.py:37
2026-08-20 21:23:30 | INFO     | Loaded page 356 into the database successfully.    | main_bronze.py:37
2026-08-20 21:23:31 | INFO     | Loaded page 357 into the database successfully.    | main_bronze.py:37
2026-08-20 21:23:31 | INFO     | Loaded page 358 into the database successfully.    | main_bronze.py:37
2026-08-20 21:23:31 | INFO     | Loaded page 359 into the database successfully.    | main_bronze.py:37
2026-08-20 21:23:32 | INFO     | Loaded page 360 into the database successfully.    | main_bronze.py:37
2026-08-20 21:23:32 | INFO     | Loaded page 361 into the database successfully.    | main_bronze.py:37
2026-08-20 21:23:33 | INFO     | Loaded page 362 into the database successfully.    | main_bronze.py:37
2026-08-20 21:23:33 | INFO     | Loaded page 363 into the database successfully.    | main_bronze.py:37
2026-08-20 21:23:34 | INFO     | Loaded page 364 into the database successfully.    | main_bronze.py:37
2026-08-20 21:23:34 | INFO     | Loaded page 365 into the database successfully.    | main_bronze.py:37
2026-08-20 21:23:35 | INFO     | Loaded page 366 into the database successfully.    | main_bronze.py:37
2026-08-20 21:23:35 | INFO     | Loaded page 367 into the database successfully.    | main_bronze.py:37
2026-08-20 21:23:35 | INFO     | Loaded page 368 into the database successfully.    | main_bronze.py:37
2026-08-20 21:23:36 | INFO     | Loaded page 369 into the database successfully.    | main_bronze.py:37
2026-08-20 21:23:37 | INFO     | Loaded page 370 into the database successfully.    | main_bronze.py:37
2026-08-20 21:23:37 | INFO     | Loaded page 371 into the database successfully.    | main_bronze.py:37
2026-08-20 21:23:37 | INFO     | Loaded page 372 into the database successfully.    | main_bronze.py:37
2026-08-20 21:23:38 | INFO     | Loaded page 373 into the database successfully.    | main_bronze.py:37
2026-08-20 21:23:38 | INFO     | Loaded page 374 into the database successfully.    | main_bronze.py:37
2026-08-20 21:23:39 | INFO     | Loaded page 375 into the database successfully.    | main_bronze.py:37
2026-08-20 21:23:39 | INFO     | Loaded page 376 into the database successfully.    | main_bronze.py:37
2026-08-20 21:23:40 | INFO     | Loaded page 377 into the database successfully.    | main_bronze.py:37
2026-08-20 21:23:40 | INFO     | Loaded page 378 into the database successfully.    | main_bronze.py:37
2026-08-20 21:23:41 | INFO     | Loaded page 379 into the database successfully.    | main_bronze.py:37
2026-08-20 21:23:41 | INFO     | Loaded page 380 into the database successfully.    | main_bronze.py:37
2026-08-20 21:23:42 | INFO     | Loaded page 381 into the database successfully.    | main_bronze.py:37
2026-08-20 21:23:42 | INFO     | Loaded page 382 into the database successfully.    | main_bronze.py:37
2026-08-20 21:23:42 | INFO     | Loaded page 383 into the database successfully.    | main_bronze.py:37
2026-08-20 21:23:43 | INFO     | Loaded page 384 into the database successfully.    | main_bronze.py:37
2026-08-20 21:23:43 | INFO     | Loaded page 385 into the database successfully.    | main_bronze.py:37
2026-08-20 21:23:44 | INFO     | Loaded page 386 into the database successfully.    | main_bronze.py:37
2026-08-20 21:23:44 | INFO     | Loaded page 387 into the database successfully.    | main_bronze.py:37
2026-08-20 21:23:45 | INFO     | Loaded page 388 into the database successfully.    | main_bronze.py:37
2026-08-20 21:23:45 | INFO     | Loaded page 389 into the database successfully.    | main_bronze.py:37
2026-08-20 21:23:46 | INFO     | Loaded page 390 into the database successfully.    | main_bronze.py:37
2026-08-20 21:23:46 | INFO     | Loaded page 391 into the database successfully.    | main_bronze.py:37
2026-08-20 21:23:47 | INFO     | Loaded page 392 into the database successfully.    | main_bronze.py:37
2026-08-20 21:23:47 | INFO     | Loaded page 393 into the database successfully.    | main_bronze.py:37
2026-08-20 21:23:47 | INFO     | Loaded page 394 into the database successfully.    | main_bronze.py:37
2026-08-20 21:23:48 | INFO     | Loaded page 395 into the database successfully.    | main_bronze.py:37
2026-08-20 21:23:48 | INFO     | Loaded page 396 into the database successfully.    | main_bronze.py:37
2026-08-20 21:23:49 | INFO     | Loaded page 397 into the database successfully.    | main_bronze.py:37
2026-08-20 21:23:49 | INFO     | Loaded page 398 into the database successfully.    | main_bronze.py:37
2026-08-20 21:23:50 | INFO     | Loaded page 399 into the database successfully.    | main_bronze.py:37
2026-08-20 21:23:50 | INFO     | Loaded page 400 into the database successfully.    | main_bronze.py:37
2026-08-20 21:23:51 | INFO     | Loaded page 401 into the database successfully.    | main_bronze.py:37
2026-08-20 21:23:51 | INFO     | Loaded page 402 into the database successfully.    | main_bronze.py:37
2026-08-20 21:23:52 | INFO     | Loaded page 403 into the database successfully.    | main_bronze.py:37
2026-08-20 21:23:52 | INFO     | Loaded page 404 into the database successfully.    | main_bronze.py:37
2026-08-20 21:23:52 | INFO     | Loaded page 405 into the database successfully.    | main_bronze.py:37
2026-08-20 21:23:53 | INFO     | Loaded page 406 into the database successfully.    | main_bronze.py:37
2026-08-20 21:23:53 | INFO     | Loaded page 407 into the database successfully.    | main_bronze.py:37
2026-08-20 21:23:54 | INFO     | Loaded page 408 into the database successfully.    | main_bronze.py:37
2026-08-20 21:23:54 | INFO     | Loaded page 409 into the database successfully.    | main_bronze.py:37
2026-08-20 21:23:55 | INFO     | Loaded page 410 into the database successfully.    | main_bronze.py:37
2026-08-20 21:23:55 | INFO     | Loaded page 411 into the database successfully.    | main_bronze.py:37
2026-08-20 21:23:56 | INFO     | Loaded page 412 into the database successfully.    | main_bronze.py:37
2026-08-20 21:23:56 | INFO     | Loaded page 413 into the database successfully.    | main_bronze.py:37
2026-08-20 21:23:56 | INFO     | Loaded page 414 into the database successfully.    | main_bronze.py:37
2026-08-20 21:23:57 | INFO     | Loaded page 415 into the database successfully.    | main_bronze.py:37
2026-08-20 21:23:57 | INFO     | Loaded page 416 into the database successfully.    | main_bronze.py:37
2026-08-20 21:23:58 | INFO     | Loaded page 417 into the database successfully.    | main_bronze.py:37
2026-08-20 21:23:58 | INFO     | Loaded page 418 into the database successfully.    | main_bronze.py:37
2026-08-20 21:23:59 | INFO     | Loaded page 419 into the database successfully.    | main_bronze.py:37
2026-08-20 21:23:59 | INFO     | Loaded page 420 into the database successfully.    | main_bronze.py:37
2026-08-20 21:24:00 | INFO     | Loaded page 421 into the database successfully.    | main_bronze.py:37
2026-08-20 21:24:00 | INFO     | Loaded page 422 into the database successfully.    | main_bronze.py:37
2026-08-20 21:24:01 | INFO     | Loaded page 423 into the database successfully.    | main_bronze.py:37
2026-08-20 21:24:01 | INFO     | Loaded page 424 into the database successfully.    | main_bronze.py:37
2026-08-20 21:24:02 | INFO     | Loaded page 425 into the database successfully.    | main_bronze.py:37
2026-08-20 21:24:02 | INFO     | Loaded page 426 into the database successfully.    | main_bronze.py:37
2026-08-20 21:24:03 | INFO     | Loaded page 427 into the database successfully.    | main_bronze.py:37
2026-08-20 21:24:03 | INFO     | Loaded page 428 into the database successfully.    | main_bronze.py:37
2026-08-20 21:24:04 | INFO     | Loaded page 429 into the database successfully.    | main_bronze.py:37
2026-08-20 21:24:04 | INFO     | Loaded page 430 into the database successfully.    | main_bronze.py:37
2026-08-20 21:24:05 | INFO     | Loaded page 431 into the database successfully.    | main_bronze.py:37
2026-08-20 21:24:05 | INFO     | Loaded page 432 into the database successfully.    | main_bronze.py:37
2026-08-20 21:24:06 | INFO     | Loaded page 433 into the database successfully.    | main_bronze.py:37
2026-08-20 21:24:06 | INFO     | Loaded page 434 into the database successfully.    | main_bronze.py:37
2026-08-20 21:24:07 | INFO     | Loaded page 435 into the database successfully.    | main_bronze.py:37
2026-08-20 21:24:07 | INFO     | Loaded page 436 into the database successfully.    | main_bronze.py:37
2026-08-20 21:24:08 | INFO     | Loaded page 437 into the database successfully.    | main_bronze.py:37
2026-08-20 21:24:08 | INFO     | Loaded page 438 into the database successfully.    | main_bronze.py:37
2026-08-20 21:24:08 | INFO     | Loaded page 439 into the database successfully.    | main_bronze.py:37
2026-08-20 21:24:09 | INFO     | Loaded page 440 into the database successfully.    | main_bronze.py:37
2026-08-20 21:24:09 | INFO     | Loaded page 441 into the database successfully.    | main_bronze.py:37
2026-08-20 21:24:10 | INFO     | Loaded page 442 into the database successfully.    | main_bronze.py:37
2026-08-20 21:24:10 | INFO     | Loaded page 443 into the database successfully.    | main_bronze.py:37
2026-08-20 21:24:11 | INFO     | Loaded page 444 into the database successfully.    | main_bronze.py:37
2026-08-20 21:24:11 | INFO     | Loaded page 445 into the database successfully.    | main_bronze.py:37
2026-08-20 21:24:12 | INFO     | Loaded page 446 into the database successfully.    | main_bronze.py:37
2026-08-20 21:24:12 | INFO     | Loaded page 447 into the database successfully.    | main_bronze.py:37
2026-08-20 21:24:12 | INFO     | Loaded page 448 into the database successfully.    | main_bronze.py:37
2026-08-20 21:24:13 | INFO     | Loaded page 449 into the database successfully.    | main_bronze.py:37
2026-08-20 21:24:13 | INFO     | Loaded page 450 into the database successfully.    | main_bronze.py:37
2026-08-20 21:24:14 | INFO     | Loaded page 451 into the database successfully.    | main_bronze.py:37
2026-08-20 21:24:14 | INFO     | Loaded page 452 into the database successfully.    | main_bronze.py:37
2026-08-20 21:24:15 | INFO     | Loaded page 453 into the database successfully.    | main_bronze.py:37
2026-08-20 21:24:15 | INFO     | Loaded page 454 into the database successfully.    | main_bronze.py:37
2026-08-20 21:24:16 | INFO     | Loaded page 455 into the database successfully.    | main_bronze.py:37
2026-08-20 21:24:16 | INFO     | Loaded page 456 into the database successfully.    | main_bronze.py:37
2026-08-20 21:24:16 | INFO     | Loaded page 457 into the database successfully.    | main_bronze.py:37
2026-08-20 21:24:17 | INFO     | Loaded page 458 into the database successfully.    | main_bronze.py:37
2026-08-20 21:24:17 | INFO     | Loaded page 459 into the database successfully.    | main_bronze.py:37
2026-08-20 21:24:18 | INFO     | Loaded page 460 into the database successfully.    | main_bronze.py:37
2026-08-20 21:24:18 | INFO     | Loaded page 461 into the database successfully.    | main_bronze.py:37
2026-08-20 21:24:19 | INFO     | Loaded page 462 into the database successfully.    | main_bronze.py:37
2026-08-20 21:24:19 | INFO     | Loaded page 463 into the database successfully.    | main_bronze.py:37
2026-08-20 21:24:20 | INFO     | Loaded page 464 into the database successfully.    | main_bronze.py:37
2026-08-20 21:24:20 | INFO     | Loaded page 465 into the database successfully.    | main_bronze.py:37
2026-08-20 21:24:21 | INFO     | Loaded page 466 into the database successfully.    | main_bronze.py:37
2026-08-20 21:24:21 | INFO     | Loaded page 467 into the database successfully.    | main_bronze.py:37
2026-08-20 21:24:22 | INFO     | Loaded page 468 into the database successfully.    | main_bronze.py:37
2026-08-20 21:24:22 | INFO     | Loaded page 469 into the database successfully.    | main_bronze.py:37
2026-08-20 21:24:22 | INFO     | Loaded page 470 into the database successfully.    | main_bronze.py:37
2026-08-20 21:24:23 | INFO     | Loaded page 471 into the database successfully.    | main_bronze.py:37
2026-08-20 21:24:23 | INFO     | Loaded page 472 into the database successfully.    | main_bronze.py:37
2026-08-20 21:24:24 | INFO     | Loaded page 473 into the database successfully.    | main_bronze.py:37
2026-08-20 21:24:24 | INFO     | Loaded page 474 into the database successfully.    | main_bronze.py:37
2026-08-20 21:24:25 | INFO     | Loaded page 475 into the database successfully.    | main_bronze.py:37
2026-08-20 21:24:25 | INFO     | Loaded page 476 into the database successfully.    | main_bronze.py:37
2026-08-20 21:24:25 | INFO     | Loaded page 477 into the database successfully.    | main_bronze.py:37
2026-08-20 21:24:26 | INFO     | Loaded page 478 into the database successfully.    | main_bronze.py:37
2026-08-20 21:24:26 | INFO     | Loaded page 479 into the database successfully.    | main_bronze.py:37
2026-08-20 21:24:27 | INFO     | Loaded page 480 into the database successfully.    | main_bronze.py:37
2026-08-20 21:24:27 | INFO     | Loaded page 481 into the database successfully.    | main_bronze.py:37
2026-08-20 21:24:28 | INFO     | Loaded page 482 into the database successfully.    | main_bronze.py:37
2026-08-20 21:24:28 | INFO     | Loaded page 483 into the database successfully.    | main_bronze.py:37
2026-08-20 21:24:29 | INFO     | Loaded page 484 into the database successfully.    | main_bronze.py:37
2026-08-20 21:24:29 | INFO     | Loaded page 485 into the database successfully.    | main_bronze.py:37
2026-08-20 21:24:30 | INFO     | Loaded page 486 into the database successfully.    | main_bronze.py:37
2026-08-20 21:24:30 | INFO     | Loaded page 487 into the database successfully.    | main_bronze.py:37
2026-08-20 21:24:31 | INFO     | Loaded page 488 into the database successfully.    | main_bronze.py:37
2026-08-20 21:24:31 | INFO     | Loaded page 489 into the database successfully.    | main_bronze.py:37
2026-08-20 21:24:32 | INFO     | Loaded page 490 into the database successfully.    | main_bronze.py:37
2026-08-20 21:24:32 | INFO     | Loaded page 491 into the database successfully.    | main_bronze.py:37
2026-08-20 21:24:33 | INFO     | Loaded page 492 into the database successfully.    | main_bronze.py:37
2026-08-20 21:24:33 | INFO     | Loaded page 493 into the database successfully.    | main_bronze.py:37
2026-08-20 21:24:33 | INFO     | Loaded page 494 into the database successfully.    | main_bronze.py:37
2026-08-20 21:24:34 | INFO     | Loaded page 495 into the database successfully.    | main_bronze.py:37
2026-08-20 21:24:34 | INFO     | Loaded page 496 into the database successfully.    | main_bronze.py:37
2026-08-20 21:24:35 | INFO     | Loaded page 497 into the database successfully.    | main_bronze.py:37
2026-08-20 21:24:35 | INFO     | Loaded page 498 into the database successfully.    | main_bronze.py:37
2026-08-20 21:24:36 | INFO     | Loaded page 499 into the database successfully.    | main_bronze.py:37
2026-08-20 21:24:36 | INFO     | Loaded page 500 into the database successfully.    | main_bronze.py:37
2026-08-20 21:24:36 | INFO     | Movie data loaded into the database successfully.  | main_bronze.py:43
2026-08-20 21:24:36 | INFO     | Total Time.............................. 223.66 sec | main_bronze.py:48
2026-08-20 21:24:36 | INFO     | Total loaded pages...................... 500 pages | main_bronze.py:49
2026-08-20 21:24:36 | INFO     | Total failed pages...................... 0 pages   | main_bronze.py:50
